// Jest Snapshot v1, https://goo.gl/fbAQLP

exports[`plugin wrapExports.es5.js: wrapExports.es5.js 1`] = `
"
/* #################################################################################### */

//export default class A {};
import asd from 'file1';
const a=1,b=2;
export { a, b };
export class B {};
export const c = 1;

const d=3,x=4;
export default d;
//export c from 'x';
export { x as exportedX };
export * from 'file2';

      ↓ ↓ ↓ ↓ ↓ ↓

\\"use strict\\";

exports.__esModule = true;
var _exportNames = {
  a: true,
  b: true,
  B: true,
  c: true,
  exportedX: true
};
exports.exportedX = exports[\\"default\\"] = exports.c = exports.B = exports.b = exports.a = void 0;

var _file = _interopRequireDefault(require(\\"file1\\"));

var _file2 = require(\\"file2\\");

Object.keys(_file2).forEach(function (key) {
  if (key === \\"default\\" || key === \\"__esModule\\") return;
  if (Object.prototype.hasOwnProperty.call(_exportNames, key)) return;
  exports[key] = _file2[key];
});

function _interopRequireDefault(obj) { return obj && obj.__esModule ? obj : { \\"default\\": obj }; }

/* #################################################################################### */
//export default class A {};
var _a, _b, _B, _c, _d, _x;

exports.exportedX = _x;
exports.c = _c;
exports.B = _B;
exports.b = _b;
exports.a = _a;

try {
  var a = 1,
      b = 2;

  var B = function B() {};

  ;
  var c = 1;
  var d = 3,
      x = 4;
  exports.a = _a = a;
  exports.b = _b = b;
  exports.B = _B = B;
  exports.c = _c = c;
  _d = d;
  exports.exportedX = _x = x;
} finally {}

var _default = _d;
exports[\\"default\\"] = _default;
"
`;

exports[`plugin wrapExports.esNext.js: wrapExports.esNext.js 1`] = `
"
/* #################################################################################### */

//export default class A {};
import asd from 'file1';
const a=1,b=2;
export { a, b };
export class B {};
export const c = 1;

const d=3,x=4;
export default d;
//export c from 'x';
export { x as exportedX };
export * from 'file2';

      ↓ ↓ ↓ ↓ ↓ ↓

/* #################################################################################### */
//export default class A {};
import asd from 'file1';

let _a, _b, _B, _c, _d, _x;

try {
  const a = 1,
        b = 2;

  class B {}

  ;
  const c = 1;
  const d = 3,
        x = 4;
  _a = a;
  _b = b;
  _B = B;
  _c = c;
  _d = d;
  _x = x;
} finally {}

export { _a as a, _b as b };
export { _B as B };
export { _c as c };
export default _d;
export { _x as exportedX };
export * from 'file2';
"
`;
